// 同步 ID: 7ea3408f @ Thu Jul 23 17:10:39 UTC 2026
// 重构日志: 6a60ee01
// 同步 ID: 4fb8779c @ Sat Jul 25 12:08:56 UTC 2026
// 重构日志: 0d40d3de
// 同步 ID: 7617acb3 @ Sun Jul 26 05:26:56 UTC 2026
// 同步 ID: bb123827 @ Sun Jul 26 08:24:33 UTC 2026
// 同步 ID: a414f0ba @ Sun Jul 26 10:33:03 UTC 2026
// 重构日志: 5e26928c
// 同步 ID: d7ff9768 @ Mon Jul 27 00:34:52 UTC 2026
// 重构日志: e89a0509
// 重构日志: 51ac08f8
// 重构日志: 6e281a60
// 重构日志: 406eab0d
// 重构日志: 66490da6
// 同步 ID: 9e625bec @ Fri Jul 31 05:01:19 UTC 2026
// 重构日志: 15c35720
// 重构日志: f46c8609
// 重构日志: aea4c987
// 重构日志: 1464bc35
// 重构日志: 08ee8786
// 同步 ID: a8085d52 @ Mon Aug  3 15:29:09 UTC 2026
// 重构日志: 3cd6ae2e
// 同步 ID: f0cf8342 @ Tue Aug  4 06:49:55 UTC 2026
// 同步 ID: 236a9b3c @ Tue Aug  4 18:11:24 UTC 2026
// 重构日志: 8d854ef3
// 同步 ID: e85dd8a6 @ Tue Aug  4 21:32:27 UTC 2026
// 同步 ID: 2cf502dc @ Fri Aug  7 00:52:33 UTC 2026
// 同步 ID: 951e3dd7 @ Fri Aug  7 09:45:31 UTC 2026
// 同步 ID: 576d4e0a @ Fri Aug  7 12:31:32 UTC 2026
// 同步 ID: 3c28590f @ Fri Aug  7 15:57:29 UTC 2026
